22:24:19 **** Incremental Build of configuration Debug for project EXAMPLE_GPIO ****
make -j8 all 
arm-none-eabi-gcc "../Core/Src/main.c" -mcpu=cortex-m4 -std=gnu11 -g3 -DDEBUG -DUSE_HAL_DRIVER -DSTM32F401xE -c -I../Core/Inc -I../Drivers/STM32F4xx_HAL_Driver/Inc -I../Drivers/STM32F4xx_HAL_Driver/Inc/Legacy -I../Drivers/CMSIS/Device/ST/STM32F4xx/Include -I../Drivers/CMSIS/Include -I"C:/Users/ricar/Documents/STM32/NUCLEO64/EXAMPLE_GPIO/Peripheral/Inc" -O0 -ffunction-sections -fdata-sections -Wall -fstack-usage -fcyclomatic-complexity -MMD -MP -MF"Core/Src/main.d" -MT"Core/Src/main.o" --specs=nano.specs -mfpu=fpv4-sp-d16 -mfloat-abi=hard -mthumb -o "Core/Src/main.o"
arm-none-eabi-gcc -o "EXAMPLE_GPIO.elf" @"objects.list"   -mcpu=cortex-m4 -T"C:\Users\ricar\Documents\STM32\NUCLEO64\EXAMPLE_GPIO\STM32F401RETX_FLASH.ld" --specs=nosys.specs -Wl,-Map="EXAMPLE_GPIO.map" -Wl,--gc-sections -static --specs=nano.specs -mfpu=fpv4-sp-d16 -mfloat-abi=hard -mthumb -Wl,--start-group -lc -lm -Wl,--end-group
Finished building target: EXAMPLE_GPIO.elf
 
arm-none-eabi-size   EXAMPLE_GPIO.elf 
arm-none-eabi-objdump -h -S  EXAMPLE_GPIO.elf  > "EXAMPLE_GPIO.list"
arm-none-eabi-objcopy  -O ihex  EXAMPLE_GPIO.elf  "EXAMPLE_GPIO.hex"
   text	   data	    bss	    dec	    hex	filename
   7224	     44	   1596	   8864	   22a0	EXAMPLE_GPIO.elf
Finished building: default.size.stdout
 
Finished building: EXAMPLE_GPIO.hex
 
Finished building: EXAMPLE_GPIO.list
 

22:24:20 Build Finished. 0 errors, 0 warnings. (took 607ms)

