11:39:37 **** Incremental Build of configuration Debug for project EXAMPLE_INTERRUPTS ****
make -j8 all 
arm-none-eabi-gcc "../Core/Src/main.c" -mcpu=cortex-m4 -std=gnu11 -g3 -DDEBUG -DUSE_HAL_DRIVER -DSTM32F401xE -c -I../Core/Inc -I../Drivers/STM32F4xx_HAL_Driver/Inc -I../Drivers/STM32F4xx_HAL_Driver/Inc/Legacy -I../Drivers/CMSIS/Device/ST/STM32F4xx/Include -I../Drivers/CMSIS/Include -I"/home/ricardo/Documents/STM32/Clone/STM32/NUCLEO64/EXAMPLE_INTERRUPTS/Peripheral/Inc" -O0 -ffunction-sections -fdata-sections -Wall -fstack-usage -fcyclomatic-complexity -MMD -MP -MF"Core/Src/main.d" -MT"Core/Src/main.o" --specs=nano.specs -mfpu=fpv4-sp-d16 -mfloat-abi=hard -mthumb -o "Core/Src/main.o"
arm-none-eabi-gcc -o "EXAMPLE_INTERRUPTS.elf" @"objects.list"   -mcpu=cortex-m4 -T"/home/ricardo/Documents/STM32/Clone/STM32/NUCLEO64/EXAMPLE_INTERRUPTS/STM32F401RETX_FLASH.ld" --specs=nosys.specs -Wl,-Map="EXAMPLE_INTERRUPTS.map" -Wl,--gc-sections -static --specs=nano.specs -mfpu=fpv4-sp-d16 -mfloat-abi=hard -mthumb -Wl,--start-group -lc -lm -Wl,--end-group
Finished building target: EXAMPLE_INTERRUPTS.elf
 
arm-none-eabi-size   EXAMPLE_INTERRUPTS.elf 
arm-none-eabi-objdump -h -S  EXAMPLE_INTERRUPTS.elf  > "EXAMPLE_INTERRUPTS.list"
arm-none-eabi-objcopy  -O ihex  EXAMPLE_INTERRUPTS.elf  "EXAMPLE_INTERRUPTS.hex"
   text	   data	    bss	    dec	    hex	filename
   7332	     44	   1596	   8972	   230c	EXAMPLE_INTERRUPTS.elf
Finished building: default.size.stdout
 
Finished building: EXAMPLE_INTERRUPTS.hex
 
Finished building: EXAMPLE_INTERRUPTS.list
 
